{
  "version": "1.5.0",
  "plugins_used": [
    {
      "name": "ArtifactoryDetector"
    },
    {
      "name": "AWSKeyDetector"
    },
    {
      "name": "AzureStorageKeyDetector"
    },
    {
      "name": "Base64HighEntropyString",
      "limit": 4.5
    },
    {
      "name": "BasicAuthDetector"
    },
    {
      "name": "CloudantDetector"
    },
    {
      "name": "DiscordBotTokenDetector"
    },
    {
      "name": "GitHubTokenDetector"
    },
    {
      "name": "GitLabTokenDetector"
    },
    {
      "name": "HexHighEntropyString",
      "limit": 3.0
    },
    {
      "name": "IbmCloudIamDetector"
    },
    {
      "name": "IbmCosHmacDetector"
    },
    {
      "name": "IPPublicDetector"
    },
    {
      "name": "JwtTokenDetector"
    },
    {
      "name": "KeywordDetector",
      "keyword_exclude": ""
    },
    {
      "name": "MailchimpDetector"
    },
    {
      "name": "NpmDetector"
    },
    {
      "name": "OpenAIDetector"
    },
    {
      "name": "PrivateKeyDetector"
    },
    {
      "name": "PypiTokenDetector"
    },
    {
      "name": "SendGridDetector"
    },
    {
      "name": "SlackDetector"
    },
    {
      "name": "SoftlayerDetector"
    },
    {
      "name": "SquareOAuthDetector"
    },
    {
      "name": "StripeDetector"
    },
    {
      "name": "TelegramBotTokenDetector"
    },
    {
      "name": "TwilioKeyDetector"
    }
  ],
  "filters_used": [
    {
      "path": "detect_secrets.filters.allowlist.is_line_allowlisted"
    },
    {
      "path": "detect_secrets.filters.common.is_ignored_due_to_verification_policies",
      "min_level": 2
    },
    {
      "path": "detect_secrets.filters.heuristic.is_indirect_reference"
    },
    {
      "path": "detect_secrets.filters.heuristic.is_likely_id_string"
    },
    {
      "path": "detect_secrets.filters.heuristic.is_lock_file"
    },
    {
      "path": "detect_secrets.filters.heuristic.is_not_alphanumeric_string"
    },
    {
      "path": "detect_secrets.filters.heuristic.is_potential_uuid"
    },
    {
      "path": "detect_secrets.filters.heuristic.is_prefixed_with_dollar_sign"
    },
    {
      "path": "detect_secrets.filters.heuristic.is_sequential_string"
    },
    {
      "path": "detect_secrets.filters.heuristic.is_swagger_file"
    },
    {
      "path": "detect_secrets.filters.heuristic.is_templated_secret"
    },
    {
      "path": "detect_secrets.filters.regex.should_exclude_file",
      "pattern": [
        "\\.venv/",
        "node_modules/",
        "__pycache__/",
        "\\.git/",
        "dist/",
        "build/",
        "\\.next/",
        "package-lock\\.json",
        "\\.secrets\\.baseline"
      ]
    }
  ],
  "results": {
    "docs/HANDOFF-2026-07-09.md": [
      {
        "type": "Hex High Entropy String",
        "filename": "docs/HANDOFF-2026-07-09.md",
        "hashed_secret": "85d32c628abe015034fb975e5fc632046dc2048b",
        "is_verified": false,
        "line_number": 5
      }
    ],
    "packages/aria-core/src/aria_core/knowledge/operator_pitfalls.yaml": [
      {
        "type": "Secret Keyword",
        "filename": "packages/aria-core/src/aria_core/knowledge/operator_pitfalls.yaml",
        "hashed_secret": "61bdbf683a1cd7707e3e0631d89542d35999e95f",
        "is_verified": false,
        "line_number": 193
      }
    ],
    "packages/aria-core/tests/test_llm_fallback.py": [
      {
        "type": "Secret Keyword",
        "filename": "packages/aria-core/tests/test_llm_fallback.py",
        "hashed_secret": "abf869caa0af6886fc39be37824b3d3b7d86439d",
        "is_verified": false,
        "line_number": 17
      },
      {
        "type": "Secret Keyword",
        "filename": "packages/aria-core/tests/test_llm_fallback.py",
        "hashed_secret": "3c14e7ff4c6d65186f6c2fc5f1ec06fd67a9822b",
        "is_verified": false,
        "line_number": 20
      },
      {
        "type": "Secret Keyword",
        "filename": "packages/aria-core/tests/test_llm_fallback.py",
        "hashed_secret": "1af6128656546893404a8ecc7a9a0b7d5ddf6938",
        "is_verified": false,
        "line_number": 40
      },
      {
        "type": "Secret Keyword",
        "filename": "packages/aria-core/tests/test_llm_fallback.py",
        "hashed_secret": "8b7b93c1bcca7afa3563c91c6ba6df17843d35d3",
        "is_verified": false,
        "line_number": 54
      }
    ],
    "packages/aria-core/tests/test_llm_routing_meta.py": [
      {
        "type": "Secret Keyword",
        "filename": "packages/aria-core/tests/test_llm_routing_meta.py",
        "hashed_secret": "257c7a76d7909f53ea7fc8d3132732e595c3eb53",
        "is_verified": false,
        "line_number": 14
      }
    ],
    "packages/aria-core/tests/test_llm_switch.py": [
      {
        "type": "Secret Keyword",
        "filename": "packages/aria-core/tests/test_llm_switch.py",
        "hashed_secret": "3acfb2c2b433c0ea7ff107e33df91b18e52f960f",
        "is_verified": false,
        "line_number": 9
      }
    ],
    "packages/aria-core/tests/test_mailer.py": [
      {
        "type": "Secret Keyword",
        "filename": "packages/aria-core/tests/test_mailer.py",
        "hashed_secret": "fc40f53642896313e2bddeb8fcf2efec29729fcb",
        "is_verified": false,
        "line_number": 19
      },
      {
        "type": "Secret Keyword",
        "filename": "packages/aria-core/tests/test_mailer.py",
        "hashed_secret": "cc9f5144b502a0c77da6999a61e9b534563a66da",
        "is_verified": false,
        "line_number": 28
      }
    ],
    "packages/aria-core/tests/test_tavily.py": [
      {
        "type": "Secret Keyword",
        "filename": "packages/aria-core/tests/test_tavily.py",
        "hashed_secret": "b2b1eaab942c5c075c667d0e8bbab04cde677eb2",
        "is_verified": false,
        "line_number": 105
      }
    ],
    "packages/aria-core/tests/test_vc_delivery.py": [
      {
        "type": "Secret Keyword",
        "filename": "packages/aria-core/tests/test_vc_delivery.py",
        "hashed_secret": "4ba7c6db7a7b39eabe9614a5865211d70ae0e2f4",
        "is_verified": false,
        "line_number": 18
      }
    ],
    "packages/aria-core/tests/test_vc_report.py": [
      {
        "type": "Secret Keyword",
        "filename": "packages/aria-core/tests/test_vc_report.py",
        "hashed_secret": "c477650757d11d7826a0e4ffd06dbe7258adb773",
        "is_verified": false,
        "line_number": 568
      }
    ],
    "packages/aria-core/tests/test_visual_autonomy.py": [
      {
        "type": "Secret Keyword",
        "filename": "packages/aria-core/tests/test_visual_autonomy.py",
        "hashed_secret": "65ec2e3fd3aa18d2de914488b03f2c570d193908",
        "is_verified": false,
        "line_number": 54
      }
    ],
    "packages/aria-core/tests/test_x_engagement.py": [
      {
        "type": "Secret Keyword",
        "filename": "packages/aria-core/tests/test_x_engagement.py",
        "hashed_secret": "4402abb98f9559cbfb6d73029f928227b498069b",
        "is_verified": false,
        "line_number": 23
      }
    ],
    "skills/core/memory/ACP VIRTUAL PROTOCOL/20260628_1139_source.md": [
      {
        "type": "JSON Web Token",
        "filename": "skills/core/memory/ACP VIRTUAL PROTOCOL/20260628_1139_source.md",
        "hashed_secret": "014575bc9bb525d70e8225c9d67b4df1bdce1453",
        "is_verified": false,
        "line_number": 211
      }
    ],
    "vanguard/backend/security_sim/corpus.py": [
      {
        "type": "JSON Web Token",
        "filename": "vanguard/backend/security_sim/corpus.py",
        "hashed_secret": "2dd4e84d62695781701aea3c7f5aad82cf069a13",
        "is_verified": false,
        "line_number": 65
      }
    ],
    "vanguard/backend/security_sim/harness.py": [
      {
        "type": "Secret Keyword",
        "filename": "vanguard/backend/security_sim/harness.py",
        "hashed_secret": "8883682c3b1ff64cb9348b1845bc75b461969dc1",
        "is_verified": false,
        "line_number": 23
      },
      {
        "type": "Secret Keyword",
        "filename": "vanguard/backend/security_sim/harness.py",
        "hashed_secret": "b57fa0798cf182195d00866158f0f022ad324741",
        "is_verified": false,
        "line_number": 24
      }
    ],
    "vanguard/backend/tests/test_security_hardening.py": [
      {
        "type": "Secret Keyword",
        "filename": "vanguard/backend/tests/test_security_hardening.py",
        "hashed_secret": "25ab86bed149ca6ca9c1c0d5db7c9a91388ddeab",
        "is_verified": false,
        "line_number": 104
      }
    ],
    "vanguard/src/lib/operator-auth.ts": [
      {
        "type": "Secret Keyword",
        "filename": "vanguard/src/lib/operator-auth.ts",
        "hashed_secret": "bc7823e6bdea4ad6e51fcfdef446e7375e8091ce",
        "is_verified": false,
        "line_number": 1
      }
    ]
  },
  "generated_at": "2026-07-09T15:55:55Z"
}
