{
  "version": "1.5.0",
  "plugins_used": [
    {
      "name": "ArtifactoryDetector"
    },
    {
      "name": "AWSKeyDetector"
    },
    {
      "name": "AzureStorageKeyDetector"
    },
    {
      "name": "Base64HighEntropyString",
      "limit": 4.5
    },
    {
      "name": "BasicAuthDetector"
    },
    {
      "name": "CloudantDetector"
    },
    {
      "name": "DiscordBotTokenDetector"
    },
    {
      "name": "GitHubTokenDetector"
    },
    {
      "name": "GitLabTokenDetector"
    },
    {
      "name": "HexHighEntropyString",
      "limit": 3.0
    },
    {
      "name": "IbmCloudIamDetector"
    },
    {
      "name": "IbmCosHmacDetector"
    },
    {
      "name": "IPPublicDetector"
    },
    {
      "name": "JwtTokenDetector"
    },
    {
      "name": "KeywordDetector",
      "keyword_exclude": ""
    },
    {
      "name": "MailchimpDetector"
    },
    {
      "name": "NpmDetector"
    },
    {
      "name": "OpenAIDetector"
    },
    {
      "name": "PrivateKeyDetector"
    },
    {
      "name": "PypiTokenDetector"
    },
    {
      "name": "SendGridDetector"
    },
    {
      "name": "SlackDetector"
    },
    {
      "name": "SoftlayerDetector"
    },
    {
      "name": "SquareOAuthDetector"
    },
    {
      "name": "StripeDetector"
    },
    {
      "name": "TelegramBotTokenDetector"
    },
    {
      "name": "TwilioKeyDetector"
    }
  ],
  "filters_used": [
    {
      "path": "detect_secrets.filters.allowlist.is_line_allowlisted"
    },
    {
      "path": "detect_secrets.filters.common.is_baseline_file",
      "filename": ".secrets.baseline"
    },
    {
      "path": "detect_secrets.filters.common.is_ignored_due_to_verification_policies",
      "min_level": 2
    },
    {
      "path": "detect_secrets.filters.heuristic.is_indirect_reference"
    },
    {
      "path": "detect_secrets.filters.heuristic.is_likely_id_string"
    },
    {
      "path": "detect_secrets.filters.heuristic.is_lock_file"
    },
    {
      "path": "detect_secrets.filters.heuristic.is_not_alphanumeric_string"
    },
    {
      "path": "detect_secrets.filters.heuristic.is_potential_uuid"
    },
    {
      "path": "detect_secrets.filters.heuristic.is_prefixed_with_dollar_sign"
    },
    {
      "path": "detect_secrets.filters.heuristic.is_sequential_string"
    },
    {
      "path": "detect_secrets.filters.heuristic.is_swagger_file"
    },
    {
      "path": "detect_secrets.filters.heuristic.is_templated_secret"
    },
    {
      "path": "detect_secrets.filters.regex.should_exclude_file",
      "pattern": [
        "\\.venv/",
        "node_modules/",
        "__pycache__/",
        "\\.git/",
        "dist/",
        "build/",
        "\\.next/",
        "package-lock\\.json",
        "\\.secrets\\.baseline"
      ]
    }
  ],
  "results": {
    "CLAUDE.md": [
      {
        "type": "Hex High Entropy String",
        "filename": "CLAUDE.md",
        "hashed_secret": "60f7cc8e85e4a030fa301f89094256dbdc60ffa1",
        "is_verified": false,
        "line_number": 4030
      }
    ],
    "docs/HANDOFF-2026-07-09.md": [
      {
        "type": "Hex High Entropy String",
        "filename": "docs/HANDOFF-2026-07-09.md",
        "hashed_secret": "85d32c628abe015034fb975e5fc632046dc2048b",
        "is_verified": false,
        "line_number": 5
      }
    ],
    "docs/aria-learning-inbox/2026-07-15-dexscreener-openapi-spec-verifiee.yaml": [
      {
        "type": "Base64 High Entropy String",
        "filename": "docs/aria-learning-inbox/2026-07-15-dexscreener-openapi-spec-verifiee.yaml",
        "hashed_secret": "1bd363003cbd233e53e97465e521c7b21a6cc1c4",
        "is_verified": false,
        "line_number": 106
      },
      {
        "type": "Base64 High Entropy String",
        "filename": "docs/aria-learning-inbox/2026-07-15-dexscreener-openapi-spec-verifiee.yaml",
        "hashed_secret": "ab51c06791f168e6b25e641255c1cf09393d4c3c",
        "is_verified": false,
        "line_number": 132
      }
    ],
    "packages/aria-core/src/aria_core/capability_gap.py": [
      {
        "type": "Secret Keyword",
        "filename": "packages/aria-core/src/aria_core/capability_gap.py",
        "hashed_secret": "43dd58e6014181601f222452f36f46121434817b",
        "is_verified": false,
        "line_number": 30
      }
    ],
    "packages/aria-core/src/aria_core/knowledge/operator_pitfalls.yaml": [
      {
        "type": "Secret Keyword",
        "filename": "packages/aria-core/src/aria_core/knowledge/operator_pitfalls.yaml",
        "hashed_secret": "61bdbf683a1cd7707e3e0631d89542d35999e95f",
        "is_verified": false,
        "line_number": 213
      }
    ],
    "packages/aria-core/src/aria_core/services/x402_bazaar.py": [
      {
        "type": "Base64 High Entropy String",
        "filename": "packages/aria-core/src/aria_core/services/x402_bazaar.py",
        "hashed_secret": "ebc924d203c6b59b337bdf7b7fd19b2b45d2c5b9",
        "is_verified": false,
        "line_number": 57
      }
    ],
    "packages/aria-core/tests/test_alphavantage_client.py": [
      {
        "type": "Secret Keyword",
        "filename": "packages/aria-core/tests/test_alphavantage_client.py",
        "hashed_secret": "3acfb2c2b433c0ea7ff107e33df91b18e52f960f",
        "is_verified": false,
        "line_number": 72
      }
    ],
    "packages/aria-core/tests/test_blockscout_client.py": [
      {
        "type": "Secret Keyword",
        "filename": "packages/aria-core/tests/test_blockscout_client.py",
        "hashed_secret": "3acfb2c2b433c0ea7ff107e33df91b18e52f960f",
        "is_verified": false,
        "line_number": 683
      }
    ],
    "packages/aria-core/tests/test_coinmarketcap_client.py": [
      {
        "type": "Secret Keyword",
        "filename": "packages/aria-core/tests/test_coinmarketcap_client.py",
        "hashed_secret": "ed65c049bb2f78ee4f703b2158ba9cc6ea31fb7e",
        "is_verified": false,
        "line_number": 85
      }
    ],
    "packages/aria-core/tests/test_dexscreener_client.py": [
      {
        "type": "Base64 High Entropy String",
        "filename": "packages/aria-core/tests/test_dexscreener_client.py",
        "hashed_secret": "9835d22cc5f2a4bca4af7305dd7aaab766bc1b2b",
        "is_verified": false,
        "line_number": 236
      },
      {
        "type": "Base64 High Entropy String",
        "filename": "packages/aria-core/tests/test_dexscreener_client.py",
        "hashed_secret": "a3c9e15e81c14206693eb8195b324c5d444a8aa4",
        "is_verified": false,
        "line_number": 278
      }
    ],
    "packages/aria-core/tests/test_llm_fallback.py": [
      {
        "type": "Secret Keyword",
        "filename": "packages/aria-core/tests/test_llm_fallback.py",
        "hashed_secret": "abf869caa0af6886fc39be37824b3d3b7d86439d",
        "is_verified": false,
        "line_number": 17
      },
      {
        "type": "Secret Keyword",
        "filename": "packages/aria-core/tests/test_llm_fallback.py",
        "hashed_secret": "3c14e7ff4c6d65186f6c2fc5f1ec06fd67a9822b",
        "is_verified": false,
        "line_number": 23
      },
      {
        "type": "Secret Keyword",
        "filename": "packages/aria-core/tests/test_llm_fallback.py",
        "hashed_secret": "1af6128656546893404a8ecc7a9a0b7d5ddf6938",
        "is_verified": false,
        "line_number": 66
      },
      {
        "type": "Secret Keyword",
        "filename": "packages/aria-core/tests/test_llm_fallback.py",
        "hashed_secret": "c95c111212d182c0eb2067dd037f9eb6c823cb0a",
        "is_verified": false,
        "line_number": 87
      },
      {
        "type": "Secret Keyword",
        "filename": "packages/aria-core/tests/test_llm_fallback.py",
        "hashed_secret": "6deaab396e1d8cfcb2c4db7f3f459431e7370119",
        "is_verified": false,
        "line_number": 106
      },
      {
        "type": "Secret Keyword",
        "filename": "packages/aria-core/tests/test_llm_fallback.py",
        "hashed_secret": "e56fb159dd5c82b447e8e481aa0edb430392cf00",
        "is_verified": false,
        "line_number": 107
      },
      {
        "type": "Secret Keyword",
        "filename": "packages/aria-core/tests/test_llm_fallback.py",
        "hashed_secret": "89af632a324ec8b670369116fccc68f23667ff7e",
        "is_verified": false,
        "line_number": 123
      },
      {
        "type": "Secret Keyword",
        "filename": "packages/aria-core/tests/test_llm_fallback.py",
        "hashed_secret": "e18a994302b37a9dd87a2b2c1ac0f9e8fb6779d6",
        "is_verified": false,
        "line_number": 141
      },
      {
        "type": "Secret Keyword",
        "filename": "packages/aria-core/tests/test_llm_fallback.py",
        "hashed_secret": "7909600e109069dcc5fcdcb8629e8d0f212ce6aa",
        "is_verified": false,
        "line_number": 142
      },
      {
        "type": "Secret Keyword",
        "filename": "packages/aria-core/tests/test_llm_fallback.py",
        "hashed_secret": "3fa437025c8f9e1c6f0f5547173acee9c2e22c3a",
        "is_verified": false,
        "line_number": 153
      },
      {
        "type": "Secret Keyword",
        "filename": "packages/aria-core/tests/test_llm_fallback.py",
        "hashed_secret": "b20babea0fa5c1a05a9527dad0b376da690abf03",
        "is_verified": false,
        "line_number": 165
      },
      {
        "type": "Secret Keyword",
        "filename": "packages/aria-core/tests/test_llm_fallback.py",
        "hashed_secret": "06848541607f000658d27c928036801418b06413",
        "is_verified": false,
        "line_number": 208
      },
      {
        "type": "Secret Keyword",
        "filename": "packages/aria-core/tests/test_llm_fallback.py",
        "hashed_secret": "6d8b4bbfef676a521633a3359ba04c71b07f1b09",
        "is_verified": false,
        "line_number": 284
      },
      {
        "type": "Secret Keyword",
        "filename": "packages/aria-core/tests/test_llm_fallback.py",
        "hashed_secret": "4cf9a9339a9104c72c7833198d3efeb257619908",
        "is_verified": false,
        "line_number": 306
      },
      {
        "type": "Secret Keyword",
        "filename": "packages/aria-core/tests/test_llm_fallback.py",
        "hashed_secret": "8b7b93c1bcca7afa3563c91c6ba6df17843d35d3",
        "is_verified": false,
        "line_number": 324
      },
      {
        "type": "Secret Keyword",
        "filename": "packages/aria-core/tests/test_llm_fallback.py",
        "hashed_secret": "face83cfe172ff38eed480147fe65712c7a6a375",
        "is_verified": false,
        "line_number": 467
      },
      {
        "type": "Secret Keyword",
        "filename": "packages/aria-core/tests/test_llm_fallback.py",
        "hashed_secret": "35e6ca489e73a8991165cdcfc2b79eb0d25ed0a3",
        "is_verified": false,
        "line_number": 491
      },
      {
        "type": "Secret Keyword",
        "filename": "packages/aria-core/tests/test_llm_fallback.py",
        "hashed_secret": "e99420f6642ec4b42c473328126b7884c39848b3",
        "is_verified": false,
        "line_number": 624
      },
      {
        "type": "Secret Keyword",
        "filename": "packages/aria-core/tests/test_llm_fallback.py",
        "hashed_secret": "7e8771ea98be1c438fc79ab7d926dbf388a7c044",
        "is_verified": false,
        "line_number": 625
      }
    ],
    "packages/aria-core/tests/test_llm_routing_meta.py": [
      {
        "type": "Secret Keyword",
        "filename": "packages/aria-core/tests/test_llm_routing_meta.py",
        "hashed_secret": "257c7a76d7909f53ea7fc8d3132732e595c3eb53",
        "is_verified": false,
        "line_number": 14
      }
    ],
    "packages/aria-core/tests/test_llm_vision.py": [
      {
        "type": "Secret Keyword",
        "filename": "packages/aria-core/tests/test_llm_vision.py",
        "hashed_secret": "abf869caa0af6886fc39be37824b3d3b7d86439d",
        "is_verified": false,
        "line_number": 13
      }
    ],
    "packages/aria-core/tests/test_mailer.py": [
      {
        "type": "Secret Keyword",
        "filename": "packages/aria-core/tests/test_mailer.py",
        "hashed_secret": "fc40f53642896313e2bddeb8fcf2efec29729fcb",
        "is_verified": false,
        "line_number": 19
      },
      {
        "type": "Secret Keyword",
        "filename": "packages/aria-core/tests/test_mailer.py",
        "hashed_secret": "cc9f5144b502a0c77da6999a61e9b534563a66da",
        "is_verified": false,
        "line_number": 28
      }
    ],
    "packages/aria-core/tests/test_momentum_websocket.py": [
      {
        "type": "Base64 High Entropy String",
        "filename": "packages/aria-core/tests/test_momentum_websocket.py",
        "hashed_secret": "5d48cae7b939e16647168e5da4d3b87a378b259a",
        "is_verified": false,
        "line_number": 103
      }
    ],
    "packages/aria-core/tests/test_public_mode.py": [
      {
        "type": "Secret Keyword",
        "filename": "packages/aria-core/tests/test_public_mode.py",
        "hashed_secret": "a4b48a81cdab1e1a5dd37907d6c85ca1c61ddc7c",
        "is_verified": false,
        "line_number": 186
      },
      {
        "type": "Secret Keyword",
        "filename": "packages/aria-core/tests/test_public_mode.py",
        "hashed_secret": "25ab86bed149ca6ca9c1c0d5db7c9a91388ddeab",
        "is_verified": false,
        "line_number": 194
      }
    ],
    "packages/aria-core/tests/test_rugcheck.py": [
      {
        "type": "Base64 High Entropy String",
        "filename": "packages/aria-core/tests/test_rugcheck.py",
        "hashed_secret": "f896108f2c7ba762d29e7b5e62d2247d7f41f294",
        "is_verified": false,
        "line_number": 11
      }
    ],
    "packages/aria-core/tests/test_spark_config.py": [
      {
        "type": "Secret Keyword",
        "filename": "packages/aria-core/tests/test_spark_config.py",
        "hashed_secret": "5fd91dc81f06d9a0d9293742a8b7686f660ea13f",
        "is_verified": false,
        "line_number": 153
      },
      {
        "type": "Secret Keyword",
        "filename": "packages/aria-core/tests/test_spark_config.py",
        "hashed_secret": "a62f2225bf70bfaccbc7f1ef2a397836717377de",
        "is_verified": false,
        "line_number": 168
      },
      {
        "type": "Secret Keyword",
        "filename": "packages/aria-core/tests/test_spark_config.py",
        "hashed_secret": "22c4c29b7130c0c6ec08df8439a4353152d1e559",
        "is_verified": false,
        "line_number": 169
      }
    ],
    "packages/aria-core/tests/test_tavily.py": [
      {
        "type": "Secret Keyword",
        "filename": "packages/aria-core/tests/test_tavily.py",
        "hashed_secret": "b2b1eaab942c5c075c667d0e8bbab04cde677eb2",
        "is_verified": false,
        "line_number": 105
      }
    ],
    "packages/aria-core/tests/test_telegram_conversation_miner.py": [
      {
        "type": "Private Key",
        "filename": "packages/aria-core/tests/test_telegram_conversation_miner.py",
        "hashed_secret": "f0778f3e140a61d5bbbed5430773e52af2f5fba4",
        "is_verified": false,
        "line_number": 180
      }
    ],
    "packages/aria-core/tests/test_tiktok.py": [
      {
        "type": "Secret Keyword",
        "filename": "packages/aria-core/tests/test_tiktok.py",
        "hashed_secret": "ca1781e4c2bfd0cf5695c44e650db5b1cb6c177c",
        "is_verified": false,
        "line_number": 140
      }
    ],
    "packages/aria-core/tests/test_token_holder_intel.py": [
      {
        "type": "Base64 High Entropy String",
        "filename": "packages/aria-core/tests/test_token_holder_intel.py",
        "hashed_secret": "e6c5d64df0cb923eb8e942f70f373dfe59858991",
        "is_verified": false,
        "line_number": 81
      }
    ],
    "packages/aria-core/tests/test_vc_delivery.py": [
      {
        "type": "Secret Keyword",
        "filename": "packages/aria-core/tests/test_vc_delivery.py",
        "hashed_secret": "4ba7c6db7a7b39eabe9614a5865211d70ae0e2f4",
        "is_verified": false,
        "line_number": 18
      }
    ],
    "packages/aria-core/tests/test_vc_report.py": [
      {
        "type": "Secret Keyword",
        "filename": "packages/aria-core/tests/test_vc_report.py",
        "hashed_secret": "c477650757d11d7826a0e4ffd06dbe7258adb773",
        "is_verified": false,
        "line_number": 659
      }
    ],
    "packages/aria-core/tests/test_visual_autonomy.py": [
      {
        "type": "Secret Keyword",
        "filename": "packages/aria-core/tests/test_visual_autonomy.py",
        "hashed_secret": "65ec2e3fd3aa18d2de914488b03f2c570d193908",
        "is_verified": false,
        "line_number": 54
      }
    ],
    "packages/aria-core/tests/test_x402_bazaar.py": [
      {
        "type": "Base64 High Entropy String",
        "filename": "packages/aria-core/tests/test_x402_bazaar.py",
        "hashed_secret": "9ab63c245e4f4eab13f776549a1c06e66914b275",
        "is_verified": false,
        "line_number": 86
      }
    ],
    "packages/aria-core/tests/test_x_engagement.py": [
      {
        "type": "Secret Keyword",
        "filename": "packages/aria-core/tests/test_x_engagement.py",
        "hashed_secret": "4402abb98f9559cbfb6d73029f928227b498069b",
        "is_verified": false,
        "line_number": 23
      }
    ],
    "skills/core/memory/ACP VIRTUAL PROTOCOL/20260628_1139_source.md": [
      {
        "type": "JSON Web Token",
        "filename": "skills/core/memory/ACP VIRTUAL PROTOCOL/20260628_1139_source.md",
        "hashed_secret": "014575bc9bb525d70e8225c9d67b4df1bdce1453",
        "is_verified": false,
        "line_number": 211
      }
    ],
    "vanguard/backend/security_sim/corpus.py": [
      {
        "type": "JSON Web Token",
        "filename": "vanguard/backend/security_sim/corpus.py",
        "hashed_secret": "2dd4e84d62695781701aea3c7f5aad82cf069a13",
        "is_verified": false,
        "line_number": 65
      }
    ],
    "vanguard/backend/security_sim/harness.py": [
      {
        "type": "Secret Keyword",
        "filename": "vanguard/backend/security_sim/harness.py",
        "hashed_secret": "8883682c3b1ff64cb9348b1845bc75b461969dc1",
        "is_verified": false,
        "line_number": 23
      },
      {
        "type": "Secret Keyword",
        "filename": "vanguard/backend/security_sim/harness.py",
        "hashed_secret": "b57fa0798cf182195d00866158f0f022ad324741",
        "is_verified": false,
        "line_number": 24
      }
    ],
    "vanguard/backend/tests/test_aria_bonding_pool.py": [
      {
        "type": "Secret Keyword",
        "filename": "vanguard/backend/tests/test_aria_bonding_pool.py",
        "hashed_secret": "25ab86bed149ca6ca9c1c0d5db7c9a91388ddeab",
        "is_verified": false,
        "line_number": 43
      }
    ],
    "vanguard/backend/tests/test_security_hardening.py": [
      {
        "type": "Secret Keyword",
        "filename": "vanguard/backend/tests/test_security_hardening.py",
        "hashed_secret": "25ab86bed149ca6ca9c1c0d5db7c9a91388ddeab",
        "is_verified": false,
        "line_number": 104
      }
    ],
    "vanguard/src/lib/operator-auth.ts": [
      {
        "type": "Secret Keyword",
        "filename": "vanguard/src/lib/operator-auth.ts",
        "hashed_secret": "bc7823e6bdea4ad6e51fcfdef446e7375e8091ce",
        "is_verified": false,
        "line_number": 1
      }
    ]
  },
  "generated_at": "2026-07-22T10:30:30Z"
}
