{
  "version": "1.5.0",
  "plugins_used": [
    {
      "name": "ArtifactoryDetector"
    },
    {
      "name": "AWSKeyDetector"
    },
    {
      "name": "AzureStorageKeyDetector"
    },
    {
      "name": "Base64HighEntropyString",
      "limit": 4.5
    },
    {
      "name": "BasicAuthDetector"
    },
    {
      "name": "CloudantDetector"
    },
    {
      "name": "DiscordBotTokenDetector"
    },
    {
      "name": "GitHubTokenDetector"
    },
    {
      "name": "GitLabTokenDetector"
    },
    {
      "name": "HexHighEntropyString",
      "limit": 3.0
    },
    {
      "name": "IbmCloudIamDetector"
    },
    {
      "name": "IbmCosHmacDetector"
    },
    {
      "name": "IPPublicDetector"
    },
    {
      "name": "JwtTokenDetector"
    },
    {
      "name": "KeywordDetector",
      "keyword_exclude": ""
    },
    {
      "name": "MailchimpDetector"
    },
    {
      "name": "NpmDetector"
    },
    {
      "name": "OpenAIDetector"
    },
    {
      "name": "PrivateKeyDetector"
    },
    {
      "name": "PypiTokenDetector"
    },
    {
      "name": "SendGridDetector"
    },
    {
      "name": "SlackDetector"
    },
    {
      "name": "SoftlayerDetector"
    },
    {
      "name": "SquareOAuthDetector"
    },
    {
      "name": "StripeDetector"
    },
    {
      "name": "TelegramBotTokenDetector"
    },
    {
      "name": "TwilioKeyDetector"
    }
  ],
  "filters_used": [
    {
      "path": "detect_secrets.filters.allowlist.is_line_allowlisted"
    },
    {
      "path": "detect_secrets.filters.common.is_baseline_file",
      "filename": ".secrets.baseline"
    },
    {
      "path": "detect_secrets.filters.common.is_ignored_due_to_verification_policies",
      "min_level": 2
    },
    {
      "path": "detect_secrets.filters.heuristic.is_indirect_reference"
    },
    {
      "path": "detect_secrets.filters.heuristic.is_likely_id_string"
    },
    {
      "path": "detect_secrets.filters.heuristic.is_lock_file"
    },
    {
      "path": "detect_secrets.filters.heuristic.is_not_alphanumeric_string"
    },
    {
      "path": "detect_secrets.filters.heuristic.is_potential_uuid"
    },
    {
      "path": "detect_secrets.filters.heuristic.is_prefixed_with_dollar_sign"
    },
    {
      "path": "detect_secrets.filters.heuristic.is_sequential_string"
    },
    {
      "path": "detect_secrets.filters.heuristic.is_swagger_file"
    },
    {
      "path": "detect_secrets.filters.heuristic.is_templated_secret"
    },
    {
      "path": "detect_secrets.filters.regex.should_exclude_file",
      "pattern": [
        "\\.venv/",
        "node_modules/",
        "__pycache__/",
        "\\.git/",
        "dist/",
        "build/",
        "\\.next/",
        "package-lock\\.json",
        "\\.secrets\\.baseline"
      ]
    }
  ],
  "results": {
    ".gitleaks.toml": [
      {
        "type": "Secret Keyword",
        "filename": ".gitleaks.toml",
        "hashed_secret": "fea5fb9e3f5df2691bfd5fe79a4acc5d79197b8b",
        "is_verified": false,
        "line_number": 63
      }
    ],
    "docs/aria-learning-inbox/2026-07-15-dexscreener-openapi-spec-verifiee.yaml": [
      {
        "type": "Base64 High Entropy String",
        "filename": "docs/aria-learning-inbox/2026-07-15-dexscreener-openapi-spec-verifiee.yaml",
        "hashed_secret": "1bd363003cbd233e53e97465e521c7b21a6cc1c4",
        "is_verified": false,
        "line_number": 106
      },
      {
        "type": "Base64 High Entropy String",
        "filename": "docs/aria-learning-inbox/2026-07-15-dexscreener-openapi-spec-verifiee.yaml",
        "hashed_secret": "ab51c06791f168e6b25e641255c1cf09393d4c3c",
        "is_verified": false,
        "line_number": 132
      }
    ],
    "packages/aria-core/src/aria_core/capability_gap.py": [
      {
        "type": "Secret Keyword",
        "filename": "packages/aria-core/src/aria_core/capability_gap.py",
        "hashed_secret": "43dd58e6014181601f222452f36f46121434817b",
        "is_verified": false,
        "line_number": 31
      }
    ],
    "packages/aria-core/src/aria_core/knowledge/operator_pitfalls.yaml": [
      {
        "type": "Secret Keyword",
        "filename": "packages/aria-core/src/aria_core/knowledge/operator_pitfalls.yaml",
        "hashed_secret": "61bdbf683a1cd7707e3e0631d89542d35999e95f",
        "is_verified": false,
        "line_number": 213
      }
    ],
    "packages/aria-core/src/aria_core/onchain/jupiter_swap_simulation.py": [
      {
        "type": "Base64 High Entropy String",
        "filename": "packages/aria-core/src/aria_core/onchain/jupiter_swap_simulation.py",
        "hashed_secret": "2db5b3e914e61432025fb23623a47135ff85afd5",
        "is_verified": false,
        "line_number": 50
      }
    ],
    "packages/aria-core/src/aria_core/services/launchlab_curve.py": [
      {
        "type": "Base64 High Entropy String",
        "filename": "packages/aria-core/src/aria_core/services/launchlab_curve.py",
        "hashed_secret": "535cf846786c6d676644160a6e97773d2b28fd93",
        "is_verified": false,
        "line_number": 29
      }
    ],
    "packages/aria-core/src/aria_core/services/x402_bazaar.py": [
      {
        "type": "Base64 High Entropy String",
        "filename": "packages/aria-core/src/aria_core/services/x402_bazaar.py",
        "hashed_secret": "ebc924d203c6b59b337bdf7b7fd19b2b45d2c5b9",
        "is_verified": false,
        "line_number": 61
      }
    ],
    "packages/aria-core/src/aria_core/solana_agent_wallet.py": [
      {
        "type": "Base64 High Entropy String",
        "filename": "packages/aria-core/src/aria_core/solana_agent_wallet.py",
        "hashed_secret": "9ab63c245e4f4eab13f776549a1c06e66914b275",
        "is_verified": false,
        "line_number": 164
      }
    ],
    "packages/aria-core/tests/test_alphavantage_client.py": [
      {
        "type": "Secret Keyword",
        "filename": "packages/aria-core/tests/test_alphavantage_client.py",
        "hashed_secret": "3acfb2c2b433c0ea7ff107e33df91b18e52f960f",
        "is_verified": false,
        "line_number": 72
      }
    ],
    "packages/aria-core/tests/test_basenames.py": [
      {
        "type": "Hex High Entropy String",
        "filename": "packages/aria-core/tests/test_basenames.py",
        "hashed_secret": "9ee4ac73fa7b6697f37be75c38bb768727fdcc7c",
        "is_verified": false,
        "line_number": 72
      }
    ],
    "packages/aria-core/tests/test_blockscout_client.py": [
      {
        "type": "Secret Keyword",
        "filename": "packages/aria-core/tests/test_blockscout_client.py",
        "hashed_secret": "3acfb2c2b433c0ea7ff107e33df91b18e52f960f",
        "is_verified": false,
        "line_number": 983
      }
    ],
    "packages/aria-core/tests/test_cabalspy.py": [
      {
        "type": "Secret Keyword",
        "filename": "packages/aria-core/tests/test_cabalspy.py",
        "hashed_secret": "4bbb570d382b2dc876479b064d3658f4868c4356",
        "is_verified": false,
        "line_number": 124
      }
    ],
    "packages/aria-core/tests/test_coinmarketcap_client.py": [
      {
        "type": "Secret Keyword",
        "filename": "packages/aria-core/tests/test_coinmarketcap_client.py",
        "hashed_secret": "ed65c049bb2f78ee4f703b2158ba9cc6ea31fb7e",
        "is_verified": false,
        "line_number": 99
      }
    ],
    "packages/aria-core/tests/test_dexscreener_client.py": [
      {
        "type": "Base64 High Entropy String",
        "filename": "packages/aria-core/tests/test_dexscreener_client.py",
        "hashed_secret": "9835d22cc5f2a4bca4af7305dd7aaab766bc1b2b",
        "is_verified": false,
        "line_number": 313
      },
      {
        "type": "Base64 High Entropy String",
        "filename": "packages/aria-core/tests/test_dexscreener_client.py",
        "hashed_secret": "a3c9e15e81c14206693eb8195b324c5d444a8aa4",
        "is_verified": false,
        "line_number": 355
      }
    ],
    "packages/aria-core/tests/test_holder_concentration_cache.py": [
      {
        "type": "Base64 High Entropy String",
        "filename": "packages/aria-core/tests/test_holder_concentration_cache.py",
        "hashed_secret": "932472914b9aaa69c15c96d719e5847262a960ab",
        "is_verified": false,
        "line_number": 71
      }
    ],
    "packages/aria-core/tests/test_llm_fallback.py": [
      {
        "type": "Secret Keyword",
        "filename": "packages/aria-core/tests/test_llm_fallback.py",
        "hashed_secret": "abf869caa0af6886fc39be37824b3d3b7d86439d",
        "is_verified": false,
        "line_number": 17
      },
      {
        "type": "Secret Keyword",
        "filename": "packages/aria-core/tests/test_llm_fallback.py",
        "hashed_secret": "3c14e7ff4c6d65186f6c2fc5f1ec06fd67a9822b",
        "is_verified": false,
        "line_number": 23
      },
      {
        "type": "Secret Keyword",
        "filename": "packages/aria-core/tests/test_llm_fallback.py",
        "hashed_secret": "1af6128656546893404a8ecc7a9a0b7d5ddf6938",
        "is_verified": false,
        "line_number": 66
      },
      {
        "type": "Secret Keyword",
        "filename": "packages/aria-core/tests/test_llm_fallback.py",
        "hashed_secret": "c95c111212d182c0eb2067dd037f9eb6c823cb0a",
        "is_verified": false,
        "line_number": 87
      },
      {
        "type": "Secret Keyword",
        "filename": "packages/aria-core/tests/test_llm_fallback.py",
        "hashed_secret": "6deaab396e1d8cfcb2c4db7f3f459431e7370119",
        "is_verified": false,
        "line_number": 134
      },
      {
        "type": "Secret Keyword",
        "filename": "packages/aria-core/tests/test_llm_fallback.py",
        "hashed_secret": "e56fb159dd5c82b447e8e481aa0edb430392cf00",
        "is_verified": false,
        "line_number": 135
      },
      {
        "type": "Secret Keyword",
        "filename": "packages/aria-core/tests/test_llm_fallback.py",
        "hashed_secret": "89af632a324ec8b670369116fccc68f23667ff7e",
        "is_verified": false,
        "line_number": 151
      },
      {
        "type": "Secret Keyword",
        "filename": "packages/aria-core/tests/test_llm_fallback.py",
        "hashed_secret": "e18a994302b37a9dd87a2b2c1ac0f9e8fb6779d6",
        "is_verified": false,
        "line_number": 169
      },
      {
        "type": "Secret Keyword",
        "filename": "packages/aria-core/tests/test_llm_fallback.py",
        "hashed_secret": "7909600e109069dcc5fcdcb8629e8d0f212ce6aa",
        "is_verified": false,
        "line_number": 170
      },
      {
        "type": "Secret Keyword",
        "filename": "packages/aria-core/tests/test_llm_fallback.py",
        "hashed_secret": "3fa437025c8f9e1c6f0f5547173acee9c2e22c3a",
        "is_verified": false,
        "line_number": 181
      },
      {
        "type": "Secret Keyword",
        "filename": "packages/aria-core/tests/test_llm_fallback.py",
        "hashed_secret": "b20babea0fa5c1a05a9527dad0b376da690abf03",
        "is_verified": false,
        "line_number": 193
      },
      {
        "type": "Secret Keyword",
        "filename": "packages/aria-core/tests/test_llm_fallback.py",
        "hashed_secret": "6d8b4bbfef676a521633a3359ba04c71b07f1b09",
        "is_verified": false,
        "line_number": 238
      },
      {
        "type": "Secret Keyword",
        "filename": "packages/aria-core/tests/test_llm_fallback.py",
        "hashed_secret": "4cf9a9339a9104c72c7833198d3efeb257619908",
        "is_verified": false,
        "line_number": 260
      },
      {
        "type": "Secret Keyword",
        "filename": "packages/aria-core/tests/test_llm_fallback.py",
        "hashed_secret": "8b7b93c1bcca7afa3563c91c6ba6df17843d35d3",
        "is_verified": false,
        "line_number": 278
      },
      {
        "type": "Secret Keyword",
        "filename": "packages/aria-core/tests/test_llm_fallback.py",
        "hashed_secret": "face83cfe172ff38eed480147fe65712c7a6a375",
        "is_verified": false,
        "line_number": 421
      },
      {
        "type": "Secret Keyword",
        "filename": "packages/aria-core/tests/test_llm_fallback.py",
        "hashed_secret": "35e6ca489e73a8991165cdcfc2b79eb0d25ed0a3",
        "is_verified": false,
        "line_number": 445
      },
      {
        "type": "Secret Keyword",
        "filename": "packages/aria-core/tests/test_llm_fallback.py",
        "hashed_secret": "e99420f6642ec4b42c473328126b7884c39848b3",
        "is_verified": false,
        "line_number": 768
      },
      {
        "type": "Secret Keyword",
        "filename": "packages/aria-core/tests/test_llm_fallback.py",
        "hashed_secret": "7e8771ea98be1c438fc79ab7d926dbf388a7c044",
        "is_verified": false,
        "line_number": 769
      }
    ],
    "packages/aria-core/tests/test_llm_routing_meta.py": [
      {
        "type": "Secret Keyword",
        "filename": "packages/aria-core/tests/test_llm_routing_meta.py",
        "hashed_secret": "257c7a76d7909f53ea7fc8d3132732e595c3eb53",
        "is_verified": false,
        "line_number": 14
      }
    ],
    "packages/aria-core/tests/test_llm_vision.py": [
      {
        "type": "Secret Keyword",
        "filename": "packages/aria-core/tests/test_llm_vision.py",
        "hashed_secret": "abf869caa0af6886fc39be37824b3d3b7d86439d",
        "is_verified": false,
        "line_number": 13
      }
    ],
    "packages/aria-core/tests/test_log_redaction.py": [
      {
        "type": "Hex High Entropy String",
        "filename": "packages/aria-core/tests/test_log_redaction.py",
        "hashed_secret": "b1775a785f09a6ebaf2dc33d6eaeb98974d9cdb8",
        "is_verified": false,
        "line_number": 41
      }
    ],
    "packages/aria-core/tests/test_momentum_websocket.py": [
      {
        "type": "Base64 High Entropy String",
        "filename": "packages/aria-core/tests/test_momentum_websocket.py",
        "hashed_secret": "5d48cae7b939e16647168e5da4d3b87a378b259a",
        "is_verified": false,
        "line_number": 128
      }
    ],
    "packages/aria-core/tests/test_polymarket_execution.py": [
      {
        "type": "Secret Keyword",
        "filename": "packages/aria-core/tests/test_polymarket_execution.py",
        "hashed_secret": "2482a5d6e992fb96739f190087dc97a70e45844a",
        "is_verified": false,
        "line_number": 92
      },
      {
        "type": "Base64 High Entropy String",
        "filename": "packages/aria-core/tests/test_polymarket_execution.py",
        "hashed_secret": "5648c4ca0cfc33a59b32ee8041b58b21be47b9ef",
        "is_verified": false,
        "line_number": 266
      },
      {
        "type": "Secret Keyword",
        "filename": "packages/aria-core/tests/test_polymarket_execution.py",
        "hashed_secret": "5648c4ca0cfc33a59b32ee8041b58b21be47b9ef",
        "is_verified": false,
        "line_number": 266
      }
    ],
    "packages/aria-core/tests/test_polymarket_paper_trader.py": [
      {
        "type": "Base64 High Entropy String",
        "filename": "packages/aria-core/tests/test_polymarket_paper_trader.py",
        "hashed_secret": "1dc5d111b271dc62275e45320558a8914aec1d46",
        "is_verified": false,
        "line_number": 899
      }
    ],
    "packages/aria-core/tests/test_public_mode.py": [
      {
        "type": "Secret Keyword",
        "filename": "packages/aria-core/tests/test_public_mode.py",
        "hashed_secret": "a4b48a81cdab1e1a5dd37907d6c85ca1c61ddc7c",
        "is_verified": false,
        "line_number": 186
      },
      {
        "type": "Secret Keyword",
        "filename": "packages/aria-core/tests/test_public_mode.py",
        "hashed_secret": "25ab86bed149ca6ca9c1c0d5db7c9a91388ddeab",
        "is_verified": false,
        "line_number": 194
      }
    ],
    "packages/aria-core/tests/test_pumpfun_bonding_ws.py": [
      {
        "type": "Base64 High Entropy String",
        "filename": "packages/aria-core/tests/test_pumpfun_bonding_ws.py",
        "hashed_secret": "c26a665d132577cf23b3e341b5b93b8a0f843d2c",
        "is_verified": false,
        "line_number": 127
      }
    ],
    "packages/aria-core/tests/test_pumpfun_curve_price.py": [
      {
        "type": "Base64 High Entropy String",
        "filename": "packages/aria-core/tests/test_pumpfun_curve_price.py",
        "hashed_secret": "9ab63c245e4f4eab13f776549a1c06e66914b275",
        "is_verified": false,
        "line_number": 52
      }
    ],
    "packages/aria-core/tests/test_pumpportal_ws.py": [
      {
        "type": "Base64 High Entropy String",
        "filename": "packages/aria-core/tests/test_pumpportal_ws.py",
        "hashed_secret": "5252c79d4334937cdc731f5bba48ccc0e7176f2b",
        "is_verified": false,
        "line_number": 19
      },
      {
        "type": "Base64 High Entropy String",
        "filename": "packages/aria-core/tests/test_pumpportal_ws.py",
        "hashed_secret": "a5b7ea5fce9a2864fc33b24e62b6a45e0034f15b",
        "is_verified": false,
        "line_number": 20
      },
      {
        "type": "Base64 High Entropy String",
        "filename": "packages/aria-core/tests/test_pumpportal_ws.py",
        "hashed_secret": "1ccd229c51634798847f3deb817f8b728d2fe47c",
        "is_verified": false,
        "line_number": 21
      },
      {
        "type": "Base64 High Entropy String",
        "filename": "packages/aria-core/tests/test_pumpportal_ws.py",
        "hashed_secret": "ff58ce90d34c52150c18d7313ff5e75919fd2420",
        "is_verified": false,
        "line_number": 25
      }
    ],
    "packages/aria-core/tests/test_pumpswap_ws.py": [
      {
        "type": "Base64 High Entropy String",
        "filename": "packages/aria-core/tests/test_pumpswap_ws.py",
        "hashed_secret": "9ab63c245e4f4eab13f776549a1c06e66914b275",
        "is_verified": false,
        "line_number": 583
      }
    ],
    "packages/aria-core/tests/test_rugcheck.py": [
      {
        "type": "Base64 High Entropy String",
        "filename": "packages/aria-core/tests/test_rugcheck.py",
        "hashed_secret": "f896108f2c7ba762d29e7b5e62d2247d7f41f294",
        "is_verified": false,
        "line_number": 11
      }
    ],
    "packages/aria-core/tests/test_solana_fresh_launch_fast_discovery_shadow.py": [
      {
        "type": "Base64 High Entropy String",
        "filename": "packages/aria-core/tests/test_solana_fresh_launch_fast_discovery_shadow.py",
        "hashed_secret": "ff58ce90d34c52150c18d7313ff5e75919fd2420",
        "is_verified": false,
        "line_number": 92
      }
    ],
    "packages/aria-core/tests/test_solana_rent_recovery.py": [
      {
        "type": "Base64 High Entropy String",
        "filename": "packages/aria-core/tests/test_solana_rent_recovery.py",
        "hashed_secret": "2db5b3e914e61432025fb23623a47135ff85afd5",
        "is_verified": false,
        "line_number": 13
      }
    ],
    "packages/aria-core/tests/test_spark_config.py": [
      {
        "type": "Secret Keyword",
        "filename": "packages/aria-core/tests/test_spark_config.py",
        "hashed_secret": "5fd91dc81f06d9a0d9293742a8b7686f660ea13f",
        "is_verified": false,
        "line_number": 153
      },
      {
        "type": "Secret Keyword",
        "filename": "packages/aria-core/tests/test_spark_config.py",
        "hashed_secret": "a62f2225bf70bfaccbc7f1ef2a397836717377de",
        "is_verified": false,
        "line_number": 168
      },
      {
        "type": "Secret Keyword",
        "filename": "packages/aria-core/tests/test_spark_config.py",
        "hashed_secret": "22c4c29b7130c0c6ec08df8439a4353152d1e559",
        "is_verified": false,
        "line_number": 169
      }
    ],
    "packages/aria-core/tests/test_squads_solana_signer.py": [
      {
        "type": "Base64 High Entropy String",
        "filename": "packages/aria-core/tests/test_squads_solana_signer.py",
        "hashed_secret": "38e1401bfcd4ac2bc6674511e115958c72f3156b",
        "is_verified": false,
        "line_number": 21
      },
      {
        "type": "Base64 High Entropy String",
        "filename": "packages/aria-core/tests/test_squads_solana_signer.py",
        "hashed_secret": "1f89c50f9201919b721e6569896ed3e461a8230e",
        "is_verified": false,
        "line_number": 22
      },
      {
        "type": "Base64 High Entropy String",
        "filename": "packages/aria-core/tests/test_squads_solana_signer.py",
        "hashed_secret": "47f102aeea51a91d573e06c212d65b1d79053d03",
        "is_verified": false,
        "line_number": 23
      },
      {
        "type": "Base64 High Entropy String",
        "filename": "packages/aria-core/tests/test_squads_solana_signer.py",
        "hashed_secret": "011d7dbfef01b7f37ab874adc84af33f1f82b6f5",
        "is_verified": false,
        "line_number": 24
      },
      {
        "type": "Base64 High Entropy String",
        "filename": "packages/aria-core/tests/test_squads_solana_signer.py",
        "hashed_secret": "3b5341f0c5edfd8a6008c465e18227ccabc65979",
        "is_verified": false,
        "line_number": 25
      }
    ],
    "packages/aria-core/tests/test_tavily.py": [
      {
        "type": "Secret Keyword",
        "filename": "packages/aria-core/tests/test_tavily.py",
        "hashed_secret": "b2b1eaab942c5c075c667d0e8bbab04cde677eb2",
        "is_verified": false,
        "line_number": 107
      }
    ],
    "packages/aria-core/tests/test_telegram_conversation_miner.py": [
      {
        "type": "Private Key",
        "filename": "packages/aria-core/tests/test_telegram_conversation_miner.py",
        "hashed_secret": "f0778f3e140a61d5bbbed5430773e52af2f5fba4",
        "is_verified": false,
        "line_number": 180
      }
    ],
    "packages/aria-core/tests/test_tiktok.py": [
      {
        "type": "Secret Keyword",
        "filename": "packages/aria-core/tests/test_tiktok.py",
        "hashed_secret": "ca1781e4c2bfd0cf5695c44e650db5b1cb6c177c",
        "is_verified": false,
        "line_number": 140
      }
    ],
    "packages/aria-core/tests/test_token_holder_intel.py": [
      {
        "type": "Base64 High Entropy String",
        "filename": "packages/aria-core/tests/test_token_holder_intel.py",
        "hashed_secret": "e6c5d64df0cb923eb8e942f70f373dfe59858991",
        "is_verified": false,
        "line_number": 81
      }
    ],
    "packages/aria-core/tests/test_visual_autonomy.py": [
      {
        "type": "Secret Keyword",
        "filename": "packages/aria-core/tests/test_visual_autonomy.py",
        "hashed_secret": "65ec2e3fd3aa18d2de914488b03f2c570d193908",
        "is_verified": false,
        "line_number": 54
      }
    ],
    "packages/aria-core/tests/test_vitrine_llm_kill_switch.py": [
      {
        "type": "Secret Keyword",
        "filename": "packages/aria-core/tests/test_vitrine_llm_kill_switch.py",
        "hashed_secret": "abf869caa0af6886fc39be37824b3d3b7d86439d",
        "is_verified": false,
        "line_number": 47
      }
    ],
    "packages/aria-core/tests/test_x402_bazaar.py": [
      {
        "type": "Base64 High Entropy String",
        "filename": "packages/aria-core/tests/test_x402_bazaar.py",
        "hashed_secret": "9ab63c245e4f4eab13f776549a1c06e66914b275",
        "is_verified": false,
        "line_number": 86
      }
    ],
    "packages/aria-core/tests/test_x_engagement.py": [
      {
        "type": "Secret Keyword",
        "filename": "packages/aria-core/tests/test_x_engagement.py",
        "hashed_secret": "4402abb98f9559cbfb6d73029f928227b498069b",
        "is_verified": false,
        "line_number": 63
      }
    ],
    "scripts/dice-seed-offline.py": [
      {
        "type": "Base64 High Entropy String",
        "filename": "scripts/dice-seed-offline.py",
        "hashed_secret": "1fbf29f4d01704e52025ffc9a6d73b5241be9e10",
        "is_verified": false,
        "line_number": 89
      }
    ],
    "vanguard/backend/security_sim/corpus.py": [
      {
        "type": "JSON Web Token",
        "filename": "vanguard/backend/security_sim/corpus.py",
        "hashed_secret": "2dd4e84d62695781701aea3c7f5aad82cf069a13",
        "is_verified": false,
        "line_number": 65
      }
    ],
    "vanguard/backend/security_sim/harness.py": [
      {
        "type": "Secret Keyword",
        "filename": "vanguard/backend/security_sim/harness.py",
        "hashed_secret": "8883682c3b1ff64cb9348b1845bc75b461969dc1",
        "is_verified": false,
        "line_number": 23
      },
      {
        "type": "Secret Keyword",
        "filename": "vanguard/backend/security_sim/harness.py",
        "hashed_secret": "b57fa0798cf182195d00866158f0f022ad324741",
        "is_verified": false,
        "line_number": 24
      }
    ],
    "vanguard/backend/tests/test_aria_bonding_pool.py": [
      {
        "type": "Secret Keyword",
        "filename": "vanguard/backend/tests/test_aria_bonding_pool.py",
        "hashed_secret": "25ab86bed149ca6ca9c1c0d5db7c9a91388ddeab",
        "is_verified": false,
        "line_number": 43
      }
    ],
    "vanguard/backend/tests/test_deploy_blue_green.py": [
      {
        "type": "Base64 High Entropy String",
        "filename": "vanguard/backend/tests/test_deploy_blue_green.py",
        "hashed_secret": "fd5786e924636eb3bdb78c84fcbd508075cb91e3",
        "is_verified": false,
        "line_number": 166
      },
      {
        "type": "Base64 High Entropy String",
        "filename": "vanguard/backend/tests/test_deploy_blue_green.py",
        "hashed_secret": "30e4fa3d1f08a087fadc20f4e2ac00f799244fc6",
        "is_verified": false,
        "line_number": 192
      }
    ],
    "vanguard/backend/tests/test_heartbeat_standby.py": [
      {
        "type": "Secret Keyword",
        "filename": "vanguard/backend/tests/test_heartbeat_standby.py",
        "hashed_secret": "cd4bd66c1c7d16302ddbc77c75c1a49b17633aa8",
        "is_verified": false,
        "line_number": 37
      },
      {
        "type": "Secret Keyword",
        "filename": "vanguard/backend/tests/test_heartbeat_standby.py",
        "hashed_secret": "8867c88b56e0bfb82cffaf15a66bc8d107d6754a",
        "is_verified": false,
        "line_number": 77
      },
      {
        "type": "Secret Keyword",
        "filename": "vanguard/backend/tests/test_heartbeat_standby.py",
        "hashed_secret": "7deeb1b520a95d17eb2f4cf59b05d5c5f9e71e4d",
        "is_verified": false,
        "line_number": 89
      },
      {
        "type": "Secret Keyword",
        "filename": "vanguard/backend/tests/test_heartbeat_standby.py",
        "hashed_secret": "e2b11b2ed070b77e4b45630e0e59171ae5b2b674",
        "is_verified": false,
        "line_number": 95
      }
    ],
    "vanguard/backend/tests/test_internal_diagnostic_endpoint.py": [
      {
        "type": "Secret Keyword",
        "filename": "vanguard/backend/tests/test_internal_diagnostic_endpoint.py",
        "hashed_secret": "cd4bd66c1c7d16302ddbc77c75c1a49b17633aa8",
        "is_verified": false,
        "line_number": 27
      },
      {
        "type": "Secret Keyword",
        "filename": "vanguard/backend/tests/test_internal_diagnostic_endpoint.py",
        "hashed_secret": "8867c88b56e0bfb82cffaf15a66bc8d107d6754a",
        "is_verified": false,
        "line_number": 49
      },
      {
        "type": "Secret Keyword",
        "filename": "vanguard/backend/tests/test_internal_diagnostic_endpoint.py",
        "hashed_secret": "7deeb1b520a95d17eb2f4cf59b05d5c5f9e71e4d",
        "is_verified": false,
        "line_number": 61
      },
      {
        "type": "Secret Keyword",
        "filename": "vanguard/backend/tests/test_internal_diagnostic_endpoint.py",
        "hashed_secret": "d510173e31f98ecd13b195674fb8ec25e258e78e",
        "is_verified": false,
        "line_number": 70
      },
      {
        "type": "Secret Keyword",
        "filename": "vanguard/backend/tests/test_internal_diagnostic_endpoint.py",
        "hashed_secret": "e2b11b2ed070b77e4b45630e0e59171ae5b2b674",
        "is_verified": false,
        "line_number": 76
      }
    ],
    "vanguard/backend/tests/test_operator_account.py": [
      {
        "type": "Secret Keyword",
        "filename": "vanguard/backend/tests/test_operator_account.py",
        "hashed_secret": "66e06c2e1d688129d14434cbe506b2de7bfe4fa5",
        "is_verified": false,
        "line_number": 20
      },
      {
        "type": "Secret Keyword",
        "filename": "vanguard/backend/tests/test_operator_account.py",
        "hashed_secret": "24aae5fd2f4807249a478e999c777bd922d2d8be",
        "is_verified": false,
        "line_number": 33
      },
      {
        "type": "Secret Keyword",
        "filename": "vanguard/backend/tests/test_operator_account.py",
        "hashed_secret": "1a91d62f7ca67399625a4368a6ab5d4a3baa6073",
        "is_verified": false,
        "line_number": 126
      },
      {
        "type": "Secret Keyword",
        "filename": "vanguard/backend/tests/test_operator_account.py",
        "hashed_secret": "66aabd91fc41cc4635aad94dc77d93a0e2eac67b",
        "is_verified": false,
        "line_number": 130
      }
    ],
    "vanguard/backend/tests/test_operator_dashboard_routes.py": [
      {
        "type": "Secret Keyword",
        "filename": "vanguard/backend/tests/test_operator_dashboard_routes.py",
        "hashed_secret": "abf7aad6438836dbe526aa231abde2d0eef74d42",
        "is_verified": false,
        "line_number": 22
      }
    ],
    "vanguard/backend/tests/test_operator_mobile_routes.py": [
      {
        "type": "Secret Keyword",
        "filename": "vanguard/backend/tests/test_operator_mobile_routes.py",
        "hashed_secret": "abf7aad6438836dbe526aa231abde2d0eef74d42",
        "is_verified": false,
        "line_number": 29
      },
      {
        "type": "Secret Keyword",
        "filename": "vanguard/backend/tests/test_operator_mobile_routes.py",
        "hashed_secret": "f77b1f1c8af1a29ee1b51d27e7936be34ac15906",
        "is_verified": false,
        "line_number": 167
      }
    ],
    "vanguard/backend/tests/test_security_hardening.py": [
      {
        "type": "Secret Keyword",
        "filename": "vanguard/backend/tests/test_security_hardening.py",
        "hashed_secret": "25ab86bed149ca6ca9c1c0d5db7c9a91388ddeab",
        "is_verified": false,
        "line_number": 106
      }
    ]
  },
  "generated_at": "2026-08-23T17:54:38Z"
}
